(node:6845) [MODULE_TYPELESS_PACKAGE_JSON] Warning: Module type of file:///home/runner/work/Masa/Masa/supabase/functions/_shared/pure/consent.ts is not specified and it doesn't parse as CommonJS.
Reparsing as ES module because module syntax was detected. This incurs a performance overhead.
To eliminate this warning, add "type": "module" to /home/runner/work/Masa/Masa/package.json.
(Use `node --trace-warnings ...` to show where the warning was created)
bot-table listening on 8787 (http://127.0.0.1:54321)
bot-table single-venue ok
bot-table login ok
bot-table checkin ok
bot-table create-room ok
bot-table end-room ok
bot-table request-join ok
bot-table propose-game ok
bot-table mark ok
bot-table expire-turn ok
bot-table begin-turn ok
bot-table answer-game ok
bot-table backdate-encounter ok
bot-table reveal ok
bot-table add-friend ok
bot-table dm-last ok
bot-table dm-send ok
bot-table dm-last ok
bot-table dm-read ok
bot-table dm-typing ok
bot-table dm-send ok
bot-table request-join ok
bot-table answer-game ok
bot-table end-room ok
bot-table reveal ok
bot-table leave ok
bot-table checkin ok
bot-table request-join ok
bot-table answer-game ok
bot-table expire-turn ok
bot-table begin-turn ok
bot-table mark ok
bot-table end-room ok
bot-table reveal ok
bot-table leave ok
bot-table checkin ok
bot-table request-join ok
bot-table answer-game ok
bot-table sahtekar-autoplay ok
bot-table sahtekar: looked at B1
bot-table sahtekar: Söyledi for B1
bot-table sahtekar: Söyledi for B1
bot-table sahtekar: B1 voted for A1
bot-table sahtekar: guessed Çiğ köfte
bot-table end-room ok
bot-table reveal ok
bot-table leave ok
bot-table checkin ok
bot-table request-join ok
bot-table answer-game ok
bot-table say-object ok
bot-table say-begin ok
bot-table say-hold ok
bot-table say-claim ok
bot-table say-hold ok
bot-table say-expire ok
bot-table end-room ok
bot-table reveal ok
bot-table leave ok
bot-table checkin ok
bot-table request-join ok
bot-table answer-game ok
bot-table say-claim ok
bot-table say-hold ok
bot-table say-expire ok
bot-table end-room ok
bot-table reveal ok
bot-table leave ok
bot-table checkin ok
bot-table request-join ok
bot-table answer-game ok
bot-table ibre-hold ok
bot-table ibre-side ok
bot-table ibre-begin ok
bot-table ibre-lock ok
bot-table ibre-hold ok
bot-table ibre-end ok
bot-table end-room ok
bot-table reveal ok
bot-table login ok
bot-table checkin ok
bot-table venue-chat-send ok
bot-table accept-friend ok
